// Jest Snapshot v1, https://goo.gl/fbAQLP

exports[`query: Get all of a ladder's users 1`] = `
Object {
  "data": Object {
    "ladder": Object {
      "id": "1",
      "ladderUsers": Array [
        Object {
          "id": "1:1",
          "joinDate": "2018-12-11 09:39:31",
          "rating": 160,
          "user": Object {
            "id": "1",
            "userName": "cblanko0",
          },
        },
        Object {
          "id": "1:2",
          "joinDate": "2018-09-27 20:12:13",
          "rating": 70,
          "user": Object {
            "id": "2",
            "userName": "csaye1",
          },
        },
        Object {
          "id": "1:3",
          "joinDate": "2018-09-27 20:12:13",
          "rating": 110,
          "user": Object {
            "id": "3",
            "userName": "cburchell2",
          },
        },
        Object {
          "id": "1:5",
          "joinDate": "2018-09-27 20:12:13",
          "rating": 140,
          "user": Object {
            "id": "5",
            "userName": "selcott4",
          },
        },
      ],
    },
  },
}
`;
