// Jest Snapshot v1, https://goo.gl/fbAQLP

exports[`query: Get all ladders basic data 1`] = `
Object {
  "data": Object {
    "ladderByInviteToken": Object {
      "createdAt": "2018-12-11 09:39:31",
      "id": "1",
      "inviteToken": "tRJcyp2Jkr13",
      "ladderName": "Tagpad",
      "updatedAt": "2018-10-09 01:00:11",
    },
  },
}
`;
