// Jest Snapshot v1, https://goo.gl/fbAQLP

exports[`query: Get a match's ladder 1`] = `
Object {
  "data": Object {
    "match": Object {
      "id": "1",
      "ladder": Object {
        "id": "1",
        "ladderName": "Tagpad",
      },
    },
  },
}
`;
