// Jest Snapshot v1, https://goo.gl/fbAQLP

exports[`query: Get a match's winner 1`] = `
Object {
  "data": Object {
    "match": Object {
      "id": "1",
      "winner": Object {
        "id": "1",
        "userName": "cblanko0",
      },
    },
  },
}
`;
