// Jest Snapshot v1, https://goo.gl/fbAQLP

exports[`query: Log in an existing user 1`] = `
Object {
  "data": Object {
    "login": Object {
      "createdAt": "2018-12-11 09:39:31",
      "email": "newboi@gmail.com",
      "id": "10",
      "userName": "newboi",
    },
  },
}
`;
